[     125ms] [INFO] %cDownload the React DevTools for a better development experience: https://react.dev/link/react-devtools font-weight:bold @ http://localhost:3001/_next/static/chunks/node_modules_next_dist_115brz8._.js:2431
[     150ms] [LOG] [HMR] connected @ http://localhost:3001/_next/static/chunks/node_modules_next_dist_115brz8._.js:2431
[     280ms] [LOG] [Fast Refresh] rebuilding @ http://localhost:3001/_next/static/chunks/node_modules_next_dist_115brz8._.js:2431
[     281ms] [LOG] [Fast Refresh] done in 101ms @ http://localhost:3001/_next/static/chunks/node_modules_next_dist_115brz8._.js:2431
[   71064ms] [LOG] [Fast Refresh] rebuilding @ http://localhost:3001/_next/static/chunks/node_modules_next_dist_115brz8._.js:2431
[   71377ms] [ERROR] ./src/app/en/projects/[project]/ProjectDetail.tsx:109:9
the name `hasModel` is defined multiple times
  107 |   );
  108 |
> 109 |   const hasModel = Boolean(data?.glbSrc);
      |         ^^^^^^^^
  110 |
  111 |   const titleBlock = (
  112 |     <div className="flex flex-col gap-y-1 lg:col-start-1">

Ecmascript file had an error

Import trace:
  Server Component:
    ./src/app/en/projects/[project]/ProjectDetail.tsx
    ./src/app/en/projects/[project]/page.tsx @ http://localhost:3001/_next/static/chunks/node_modules_next_dist_115brz8._.js:3272
[   71378ms] [ERROR] Failed to load resource: the server responded with a status of 500 (Internal Server Error) @ http://localhost:3001/en/projects/help-center?_rsc=1vdd1:0
[   72089ms] [ERROR] Failed to load resource: the server responded with a status of 500 (Internal Server Error) @ http://localhost:3001/en/projects/help-center:0
[   72150ms] [INFO] %cDownload the React DevTools for a better development experience: https://react.dev/link/react-devtools font-weight:bold @ http://localhost:3001/_next/static/chunks/node_modules_react-dom_0bruynb._.js:15305
[   72178ms] Error: ./src/app/en/projects/[project]/ProjectDetail.tsx:109:9
the name `hasModel` is defined multiple times
  107 |   );
  108 |
> 109 |   const hasModel = Boolean(data?.glbSrc);
      |         ^^^^^^^^
  110 |
  111 |   const titleBlock = (
  112 |     <div className="flex flex-col gap-y-1 lg:col-start-1">

Ecmascript file had an error

Import trace:
  Server Component:
    ./src/app/en/projects/[project]/ProjectDetail.tsx
    ./src/app/en/projects/[project]/page.tsx


    at <unknown> (Error: ./src/app/en/projects/[project]/ProjectDetail.tsx:109:9)
    at Object.getCompilationErrors (file:///Users/adityan/Work/others/portfolio-thanhlong-clone/node_modules/next/dist/server/dev/hot-reloader-turbopack.js:1189:59)
    at DevBundlerService.getCompilationError (file:///Users/adityan/Work/others/portfolio-thanhlong-clone/node_modules/next/dist/server/lib/dev-bundler-service.js:44:55)
    at DevServer.getCompilationError (file:///Users/adityan/Work/others/portfolio-thanhlong-clone/node_modules/next/dist/server/dev/next-dev-server.js:719:42)
    at DevServer.findPageComponents (file:///Users/adityan/Work/others/portfolio-thanhlong-clone/node_modules/next/dist/server/dev/next-dev-server.js:689:43)
    at async DevServer.renderErrorToResponseImpl (file:///Users/adityan/Work/others/portfolio-thanhlong-clone/node_modules/next/dist/server/base-server.js:1745:26)
[   72178ms] [LOG] [HMR] connected @ http://localhost:3001/_next/static/chunks/node_modules_next_dist_0u_w_5s._.js:1226
[   72179ms] [ERROR] ./src/app/en/projects/[project]/ProjectDetail.tsx:109:9
the name `hasModel` is defined multiple times
  107 |   );
  108 |
> 109 |   const hasModel = Boolean(data?.glbSrc);
      |         ^^^^^^^^
  110 |
  111 |   const titleBlock = (
  112 |     <div className="flex flex-col gap-y-1 lg:col-start-1">

Ecmascript file had an error

Import trace:
  Server Component:
    ./src/app/en/projects/[project]/ProjectDetail.tsx
    ./src/app/en/projects/[project]/page.tsx @ http://localhost:3001/_next/static/chunks/node_modules_next_dist_0u_w_5s._.js:1945
[   72220ms] [ERROR] ./src/app/en/projects/[project]/ProjectDetail.tsx:109:9
the name `hasModel` is defined multiple times
  107 |   );
  108 |
> 109 |   const hasModel = Boolean(data?.glbSrc);
      |         ^^^^^^^^
  110 |
  111 |   const titleBlock = (
  112 |     <div className="flex flex-col gap-y-1 lg:col-start-1">

Ecmascript file had an error

Import trace:
  Server Component:
    ./src/app/en/projects/[project]/ProjectDetail.tsx
    ./src/app/en/projects/[project]/page.tsx @ http://localhost:3001/_next/static/chunks/node_modules_next_dist_0u_w_5s._.js:1945
[   72282ms] [LOG] [Fast Refresh] rebuilding @ http://localhost:3001/_next/static/chunks/node_modules_next_dist_0u_w_5s._.js:1226
[   87511ms] [LOG] [Fast Refresh] rebuilding @ http://localhost:3001/_next/static/chunks/node_modules_next_dist_0u_w_5s._.js:1226
[   87593ms] [LOG] [Fast Refresh] done in 21ms @ http://localhost:3001/_next/static/chunks/node_modules_next_dist_0u_w_5s._.js:1226
[   87771ms] [INFO] %cDownload the React DevTools for a better development experience: https://react.dev/link/react-devtools font-weight:bold @ http://localhost:3001/_next/static/chunks/node_modules_next_dist_115brz8._.js:2431
[   87793ms] [LOG] [HMR] connected @ http://localhost:3001/_next/static/chunks/node_modules_next_dist_115brz8._.js:2431
